###############################################################################
#                                                                             #
# IAR ELF Linker V6.50.5.4819/W32 for ARM               08/May/2014  21:46:28 #
# Copyright 2007-2013 IAR Systems AB.                                         #
#                                                                             #
#    Output file  =  F:\code\smartcar\Prj\IAR\FX15_Debug\Exe\fire_Kinetis.out #
#    Map file     =  F:\code\smartcar\Prj\IAR\FX15_Debug\List\fire_Kinetis.ma #
#                    p                                                        #
#    Command line =  F:\code\smartcar\Prj\IAR\FX15_Debug\Obj\FIRE_LED.o       #
#                    F:\code\smartcar\Prj\IAR\FX15_Debug\Obj\FIRE_MK60_conf.o #
#                     F:\code\smartcar\Prj\IAR\FX15_Debug\Obj\FIRE_MMA7455.o  #
#                    F:\code\smartcar\Prj\IAR\FX15_Debug\Obj\FIRE_NRF24L0.o   #
#                    F:\code\smartcar\Prj\IAR\FX15_Debug\Obj\FIRE_RTC_count.o #
#                     F:\code\smartcar\Prj\IAR\FX15_Debug\Obj\FIRE_key.o      #
#                    F:\code\smartcar\Prj\IAR\FX15_Debug\Obj\MK60_DWT.o       #
#                    F:\code\smartcar\Prj\IAR\FX15_Debug\Obj\MK60_PIT.o       #
#                    F:\code\smartcar\Prj\IAR\FX15_Debug\Obj\MK60_SysTick.o   #
#                    F:\code\smartcar\Prj\IAR\FX15_Debug\Obj\MK60_adc.o       #
#                    F:\code\smartcar\Prj\IAR\FX15_Debug\Obj\MK60_flash.o     #
#                    F:\code\smartcar\Prj\IAR\FX15_Debug\Obj\MK60_ftm.o       #
#                    F:\code\smartcar\Prj\IAR\FX15_Debug\Obj\MK60_gpio.o      #
#                    F:\code\smartcar\Prj\IAR\FX15_Debug\Obj\MK60_i2c.o       #
#                    F:\code\smartcar\Prj\IAR\FX15_Debug\Obj\MK60_it.o        #
#                    F:\code\smartcar\Prj\IAR\FX15_Debug\Obj\MK60_lptmr.o     #
#                    F:\code\smartcar\Prj\IAR\FX15_Debug\Obj\MK60_mcg.o       #
#                    F:\code\smartcar\Prj\IAR\FX15_Debug\Obj\MK60_port.o      #
#                    F:\code\smartcar\Prj\IAR\FX15_Debug\Obj\MK60_rtc.o       #
#                    F:\code\smartcar\Prj\IAR\FX15_Debug\Obj\MK60_spi.o       #
#                    F:\code\smartcar\Prj\IAR\FX15_Debug\Obj\MK60_uart.o      #
#                    F:\code\smartcar\Prj\IAR\FX15_Debug\Obj\MK60_wdog.o      #
#                    F:\code\smartcar\Prj\IAR\FX15_Debug\Obj\OLED12864.o      #
#                    F:\code\smartcar\Prj\IAR\FX15_Debug\Obj\delay.o          #
#                    F:\code\smartcar\Prj\IAR\FX15_Debug\Obj\display.o        #
#                    F:\code\smartcar\Lib\CMSIS\iar_cortexM4l_math.a          #
#                    F:\code\smartcar\Prj\IAR\FX15_Debug\Obj\init.o           #
#                    F:\code\smartcar\Prj\IAR\FX15_Debug\Obj\main.o           #
#                    F:\code\smartcar\Prj\IAR\FX15_Debug\Obj\misc.o           #
#                    F:\code\smartcar\Prj\IAR\FX15_Debug\Obj\startup_MK60DZ10 #
#                    .o F:\code\smartcar\Prj\IAR\FX15_Debug\Obj\system_MK60DZ #
#                    10.o F:\code\smartcar\Prj\IAR\FX15_Debug\Obj\vectors.o   #
#                    -o F:\code\smartcar\Prj\IAR\FX15_Debug\Exe\fire_Kinetis. #
#                    out --map F:\code\smartcar\Prj\IAR\FX15_Debug\List\fire_ #
#                    Kinetis.map --config "F:\code\smartcar\Prj\IAR\config    #
#                    files\fire_RAM_K60N512.icf" --entry __iar_program_start  #
#                    --redirect __write=__write_buffered --vfe                #
#                                                                             #
#                                                                             #
###############################################################################

*******************************************************************************
*** RUNTIME MODEL ATTRIBUTES
***

CppFlavor       = *
__SystemLibrary = DLib


*******************************************************************************
*** PLACEMENT SUMMARY
***

"A1":  place at 0x1fff0000 { ro section .intvec };
"A2":  place at 0x1fff0410 { ro section .noinit };
"P1":  place in [from 0x1fff0000 to 0x20010000] { ro, block CodeRelocate };
"P2":  place in [from 0x1fff0000 to 0x20010000] {
          rw, block CodeRelocateRam, block CSTACK, block HEAP };

  Section              Kind        Address    Size  Object
  -------              ----        -------    ----  ------
"A1":                                        0x410
  .intvec              const    0x1fff0000   0x410  vectors.o [1]
                              - 0x1fff0410   0x410

"P1", part 1 of 2:                             0x0
  .rodata              const    0x1fff0410     0x0  zero_init3.o [5]

"A2":                                          0x8
  .noinit              ro code  0x1fff0410     0x8  startup_MK60DZ10.o [1]
                              - 0x1fff0418     0x8

"P1", part 2 of 2:                          0x4118
  .text                ro code  0x1fff0418   0xcde  xprintffull_nomb.o [3]
  .text                ro code  0x1fff10f6    0x22  zero_init3.o [5]
  .text                ro code  0x1fff1118    0x16  strchr.o [5]
  .text                ro code  0x1fff112e     0xa  xsprout.o [3]
  .text                ro code  0x1fff1138    0x36  strlen.o [5]
  .text                ro code  0x1fff1170    0x58  memchr.o [5]
  .text                ro code  0x1fff11c8    0xee  I64DivMod.o [5]
  .text                ro code  0x1fff12b8    0x76  ABImemcpy.o [5]
  .text                ro code  0x1fff132e    0x42  xdnorm.o [4]
  .text                ro code  0x1fff1370    0x2e  DblCmpLe.o [4]
  .text                ro code  0x1fff13a0    0x2e  DblCmpGe.o [4]
  .text                ro code  0x1fff13d0   0x10c  xdscale.o [4]
  .text                ro code  0x1fff14dc    0x58  DblToI32.o [4]
  .text                ro code  0x1fff1534    0x30  I32ToDbl.o [4]
  .text                ro code  0x1fff1564   0x180  DblSub.o [4]
  .text                ro code  0x1fff16e4   0x1a2  DblMul.o [4]
  .text                ro code  0x1fff1888   0x246  DblDiv.o [4]
  .text                ro code  0x1fff1ad0    0x6c  localeconv.o [3]
  .text                ro code  0x1fff1b3c     0xe  div.o [3]
  .text                ro code  0x1fff1b4c     0x2  I64DivZer.o [5]
  .text                ro code  0x1fff1b50    0xd4  DblAdd.o [4]
  .text                ro code  0x1fff1c24     0x2  xtls.o [3]
  .data_init                    0x1fff1c28   0x7f8  <Block>
    Initializer bytes  ro data  0x1fff1c28   0x7f8  <for .data-1>
  .rodata              const    0x1fff2420   0x5f0  OLED12864.o [1]
  .text                ro code  0x1fff2a10   0x460  OLED12864.o [1]
  .text                ro code  0x1fff2e70    0x34  sprintf.o [3]
  .text                ro code  0x1fff2ea4   0x3b8  MK60_mcg.o [1]
  .text                ro code  0x1fff325c   0x2b8  MK60_adc.o [1]
  .text                ro code  0x1fff3514   0x118  FIRE_MK60_conf.o [1]
  .text                ro code  0x1fff362c    0x84  MK60_port.o [1]
  .text                ro code  0x1fff36b0    0x24  printf.o [3]
  .text                ro code  0x1fff36d4   0x244  MK60_uart.o [1]
  .text                ro code  0x1fff3918    0x9c  FIRE_key.o [1]
  .text                ro code  0x1fff39b4    0x50  FIRE_LED.o [1]
  .text                ro code  0x1fff3a04    0x78  MK60_DWT.o [1]
  .text                ro code  0x1fff3a7c   0x128  MK60_gpio.o [1]
  .rodata              const    0x1fff3ba4   0x228  OLED12864.o [1]
  CodeRelocate                  0x1fff3dcc   0x1d8  <Block>
    Initializer bytes  ro data  0x1fff3dcc   0x1d8  <for CodeRelocateRam-1>
  .text                ro code  0x1fff3fa4   0x124  system_MK60DZ10.o [1]
  .text                ro code  0x1fff40c8    0x40  MK60_wdog.o [1]
  .text                ro code  0x1fff4108     0xc  main.o [1]
  .text                ro code  0x1fff4114    0x2c  misc.o [1]
  .text                ro code  0x1fff4140    0x5e  init.o [1]
  .text                ro code  0x1fff41a0    0xc0  display.o [1]
  .text                ro code  0x1fff4260    0x30  delay.o [1]
  .rodata              const    0x1fff4290    0x3c  FIRE_MK60_conf.o [1]
  .rodata              const    0x1fff42cc    0x28  MK60_adc.o [1]
  .rodata              const    0x1fff42f4    0x28  MK60_flash.o [1]
  .rodata              const    0x1fff431c    0x28  MK60_gpio.o [1]
  .rodata              const    0x1fff4344    0x28  MK60_uart.o [1]
  .text                ro code  0x1fff436c    0x28  data_init.o [5]
  .rodata              const    0x1fff4394    0x24  FIRE_MK60_conf.o [1]
  .rodata              const    0x1fff43b8    0x24  misc.o [1]
  .iar.init_table      const    0x1fff43dc    0x10  - Linker created -
  .rodata              const    0x1fff43ec    0x20  FIRE_MK60_conf.o [1]
  .text                ro code  0x1fff440c    0x16  cmain.o [5]
  .text                ro code  0x1fff4422     0x4  low_level_init.o [3]
  .text                ro code  0x1fff4426     0x4  exit.o [3]
  .text                ro code  0x1fff442c     0xa  cexit.o [5]
  .text                ro code  0x1fff4438     0xc  XXexit.o [5]
  .text                ro code  0x1fff4444    0x16  xprout.o [3]
  .text                ro code  0x1fff445c     0xc  putchar.o [3]
  .rodata              const    0x1fff4468    0x14  FIRE_MK60_conf.o [1]
  .text                ro code  0x1fff447c     0xc  cstartup_M.o [5]
  .rodata              const    0x1fff4488     0x8  display.o [1]
  .rodata              const    0x1fff4490     0x8  display.o [1]
  .rodata              const    0x1fff4498     0x8  display.o [1]
  .rodata              const    0x1fff44a0     0x8  display.o [1]
  Initializer bytes    ro data  0x1fff44a8    0x88  <for P2 s0>
                              - 0x1fff4530  0x4118

"P2", part 1 of 3:                           0x9d0
  .data                         0x1fff4530   0x7f8  <Block>
    .data-1                     0x1fff4530   0x7f8  <Init block>
      .data            inited   0x1fff4530     0x4  FIRE_LED.o [1]
      .data            inited   0x1fff4534   0x708  FIRE_MK60_conf.o [1]
      .data            inited   0x1fff4c3c     0x8  FIRE_key.o [1]
      .data            inited   0x1fff4c44     0x8  MK60_adc.o [1]
      .data            inited   0x1fff4c4c    0x14  MK60_gpio.o [1]
      .data            inited   0x1fff4c60    0x58  MK60_mcg.o [1]
      .data            inited   0x1fff4cb8     0x4  MK60_mcg.o [1]
      .data            inited   0x1fff4cbc    0x14  MK60_port.o [1]
      .data            inited   0x1fff4cd0    0x18  MK60_uart.o [1]
      .data            inited   0x1fff4ce8    0x40  xfiles.o [3]
  CodeRelocateRam               0x1fff4d28   0x1d8  <Block>
    CodeRelocateRam-1           0x1fff4d28   0x1d8  <Init block>
      .textrw          inited   0x1fff4d28   0x188  MK60_flash.o [1]
      .textrw          inited   0x1fff4eb0    0x50  MK60_mcg.o [1]
                              - 0x1fff4f00   0x9d0

"P2", part 2 of 3:                            0x5c
  .bss                          0x1fff4f00    0x5c  <Block>
    .bss               zero     0x1fff4f00     0x4  system_MK60DZ10.o [1]
    .bss               zero     0x1fff4f04     0x4  system_MK60DZ10.o [1]
    .bss               zero     0x1fff4f08     0x4  system_MK60DZ10.o [1]
    .bss               zero     0x1fff4f0c    0x50  xfiles.o [3]
                              - 0x1fff4f5c    0x5c

"P2", part 3 of 3:                            0x88
  P2 s0                         0x1fff4f5c    0x88  <Init block>
    __DLIB_PERTHREAD   inited   0x1fff4f5c    0x88  localeconv.o [3]
                              - 0x1fff4fe4    0x88


*******************************************************************************
*** INIT TABLE
***

          Address     Size
          -------     ----
Zero (__iar_zero_init3)
    1 destination range, total size 0x5c:
          0x1fff4f00  0x5c



*******************************************************************************
*** MODULE SUMMARY
***

    Module              ro code  rw code  ro data  rw data
    ------              -------  -------  -------  -------
F:\code\smartcar\Prj\IAR\FX15_Debug\Obj: [1]
    FIRE_LED.o               80                 4        4
    FIRE_MK60_conf.o        280             1 948    1 800
    FIRE_key.o              156                 8        8
    MK60_DWT.o              120
    MK60_adc.o              696                48        8
    MK60_flash.o                     392      432
    MK60_gpio.o             296                60       20
    MK60_mcg.o              952       80      172       92
    MK60_port.o             132                20       20
    MK60_uart.o             580                64       24
    MK60_wdog.o              64
    OLED12864.o           1 120             2 072
    delay.o                  48
    display.o               192                32
    init.o                   94
    main.o                   12
    misc.o                   44                36
    startup_MK60DZ10.o        8
    system_MK60DZ10.o       292                         12
    vectors.o                               1 040
    ------------------------------------------------------
    Total:                5 166      472    5 936    1 988

command line: [2]
    ------------------------------------------------------
    Total:

dl7M_tlf.a: [3]
    div.o                    14
    exit.o                    4
    localeconv.o            108               136      136
    low_level_init.o          4
    printf.o                 36
    putchar.o                12
    sprintf.o                52
    xfiles.o                                   64      144
    xprintffull_nomb.o    3 294
    xprout.o                 22
    xsprout.o                10
    xtls.o                    2
    ------------------------------------------------------
    Total:                3 558               200      280

m7M_tl.a: [4]
    DblAdd.o                212
    DblCmpGe.o               46
    DblCmpLe.o               46
    DblDiv.o                582
    DblMul.o                418
    DblSub.o                384
    DblToI32.o               88
    I32ToDbl.o               48
    xdnorm.o                 66
    xdscale.o               268
    ------------------------------------------------------
    Total:                2 158

rt7M_tl.a: [5]
    ABImemcpy.o             118
    I64DivMod.o             238
    I64DivZer.o               2
    XXexit.o                 12
    cexit.o                  10
    cmain.o                  22
    cstartup_M.o             12
    data_init.o              40
    memchr.o                 88
    strchr.o                 22
    strlen.o                 54
    zero_init3.o             34
    ------------------------------------------------------
    Total:                  652

    Gaps                     24
    Linker created                             16
----------------------------------------------------------
    Grand Total:         11 558      472    6 152    2 268


*******************************************************************************
*** ENTRY LIST
***

Entry                      Address   Size  Type      Object
-----                      -------   ----  ----      ------
.bss$$Base              0x1fff4f00          --   Gb  - Linker created -
.bss$$Limit             0x1fff4f5c          --   Gb  - Linker created -
.data$$Base             0x1fff4530          --   Gb  - Linker created -
.data$$Limit            0x1fff4d28          --   Gb  - Linker created -
.data_init$$Base        0x1fff1c28          --   Gb  - Linker created -
.data_init$$Limit       0x1fff2420          --   Gb  - Linker created -
?main                   0x1fff440d         Code  Gb  cmain.o [5]
ADCN                    0x1fff4c44    0x8  Data  Gb  MK60_adc.o [1]
ASSERT_FAILED_STR       0x1fff4394   0x24  Data  Gb  FIRE_MK60_conf.o [1]
CodeRelocate$$Base      0x1fff3dcc          --   Gb  - Linker created -
CodeRelocate$$Limit     0x1fff3fa4          --   Gb  - Linker created -
CodeRelocateRam$$Base   0x1fff4d28          --   Gb  - Linker created -
CodeRelocateRam$$Limit  0x1fff4f00          --   Gb  - Linker created -
F6x8                    0x1fff3ba4  0x228  Data  Gb  OLED12864.o [1]
F8X16                   0x1fff2420  0x5f0  Data  Gb  OLED12864.o [1]
GPIOX                   0x1fff4c4c   0x14  Data  Gb  MK60_gpio.o [1]
KEY_PTxn                0x1fff4c3c    0x8  Data  Gb  FIRE_key.o [1]
LCD_CLS                 0x1fff2b15   0x3c  Code  Gb  OLED12864.o [1]
LCD_DLY_ms              0x1fff2b51   0x18  Code  Gb  OLED12864.o [1]
LCD_Fill                0x1fff2ad5   0x40  Code  Gb  OLED12864.o [1]
LCD_Init                0x1fff2c81   0x90  Code  Gb  OLED12864.o [1]
LCD_P6x8Str             0x1fff2d11   0x7a  Code  Gb  OLED12864.o [1]
LCD_P6x8int             0x1fff2e31   0x22  Code  Gb  OLED12864.o [1]
LCD_P8x16Str            0x1fff2d8b   0xa6  Code  Gb  OLED12864.o [1]
LCD_Set_Pos             0x1fff2aa7   0x2e  Code  Gb  OLED12864.o [1]
LCD_WrCmd               0x1fff2a5d   0x4a  Code  Gb  OLED12864.o [1]
LCD_WrDat               0x1fff2a11   0x4a  Code  Gb  OLED12864.o [1]
LED_PTxn                0x1fff4530    0x4  Data  Gb  FIRE_LED.o [1]
NVIC_SystemReset        0x1fff3515   0x1a  Code  Lc  FIRE_MK60_conf.o [1]
PORTX                   0x1fff4cbc   0x14  Data  Gb  MK60_port.o [1]
Region$$Table$$Base     0x1fff43dc          --   Gb  - Linker created -
Region$$Table$$Limit    0x1fff43ec          --   Gb  - Linker created -
Reset_Handler           0x1fff0411         Code  Gb  startup_MK60DZ10.o [1]
SetAddressingMode       0x1fff2b69   0x14  Code  Gb  OLED12864.o [1]
SetContrastControl      0x1fff2b8d   0x14  Code  Gb  OLED12864.o [1]
SetStartLine            0x1fff2b7d   0x10  Code  Gb  OLED12864.o [1]
Set_Charge_Pump         0x1fff2ba1   0x16  Code  Gb  OLED12864.o [1]
Set_Common_Config       0x1fff2c57   0x16  Code  Gb  OLED12864.o [1]
Set_Common_Remap        0x1fff2c0b   0x10  Code  Gb  OLED12864.o [1]
Set_Display_Clock       0x1fff2c2f   0x14  Code  Gb  OLED12864.o [1]
Set_Display_Offset      0x1fff2c1b   0x14  Code  Gb  OLED12864.o [1]
Set_Display_On_Off      0x1fff2bfb   0x10  Code  Gb  OLED12864.o [1]
Set_Entire_Display      0x1fff2bc7   0x10  Code  Gb  OLED12864.o [1]
Set_Inverse_Display     0x1fff2bd7   0x10  Code  Gb  OLED12864.o [1]
Set_Multiplex_Ratio     0x1fff2be7   0x14  Code  Gb  OLED12864.o [1]
Set_Precharge_Period    0x1fff2c43   0x14  Code  Gb  OLED12864.o [1]
Set_Segment_Remap       0x1fff2bb7   0x10  Code  Gb  OLED12864.o [1]
Set_VCOMH               0x1fff2c6d   0x14  Code  Gb  OLED12864.o [1]
UARTN                   0x1fff4cd0   0x18  Data  Gb  MK60_uart.o [1]
_GenldFullNoMb          0x1fff0e65  0x248  Code  Lc  xprintffull_nomb.o [3]
_LdtobFullNoMb          0x1fff0a75  0x3ea  Code  Lc  xprintffull_nomb.o [3]
_LitobFullNoMb          0x1fff0963  0x10c  Code  Lc  xprintffull_nomb.o [3]
_Locale_aeabi_lconv     0x1fff4fac   0x38  Data  Gb  localeconv.o [3]
_Locale_lconv           0x1fff4f5c   0x50  Data  Gb  localeconv.o [3]
_PrintfFullNoMb         0x1fff0419  0x544  Code  Gb  xprintffull_nomb.o [3]
_Prout                  0x1fff4445   0x16  Code  Gb  xprout.o [3]
_PutcharsFullNoMb       0x1fff10ad   0x2e  Code  Lc  xprintffull_nomb.o [3]
_SProut                 0x1fff112f    0xa  Code  Gb  xsprout.o [3]
__BOOT_STACK_ADDRESS {Abs}
                        0x2000fff8          --   Gb  command line/config [2]
__VECTOR_RAM {Abs}      0x1fff0000          --   Gb  command line/config [2]
__VECTOR_TABLE {Abs}    0x1fff0000          --   Gb  command line/config [2]
__aeabi_cdcmple         0x1fff1371         Code  Gb  DblCmpLe.o [4]
__aeabi_cdrcmple        0x1fff13a1         Code  Gb  DblCmpGe.o [4]
__aeabi_d2iz            0x1fff14dd         Code  Gb  DblToI32.o [4]
__aeabi_d2uiz           0x1fff1509         Code  Gb  DblToI32.o [4]
__aeabi_ddiv            0x1fff1889         Code  Gb  DblDiv.o [4]
__aeabi_dmul            0x1fff16e5         Code  Gb  DblMul.o [4]
__aeabi_dsub            0x1fff1565         Code  Gb  DblSub.o [4]
__aeabi_i2d             0x1fff1535         Code  Gb  I32ToDbl.o [4]
__aeabi_ldiv0           0x1fff1b4d         Code  Gb  I64DivZer.o [5]
__aeabi_memcpy          0x1fff12b9         Code  Gb  ABImemcpy.o [5]
__aeabi_memcpy4         0x1fff12d9         Code  Gb  ABImemcpy.o [5]
__aeabi_memcpy8         0x1fff12d9         Code  Gb  ABImemcpy.o [5]
__aeabi_ui2d            0x1fff1549         Code  Gb  I32ToDbl.o [4]
__aeabi_uldivmod        0x1fff11c9         Code  Gb  I64DivMod.o [5]
__cmain                 0x1fff440d         Code  Gb  cmain.o [5]
__code_start__ {Abs}    0x1fff0410          --   Gb  command line/config [2]
__exit                  0x1fff4439         Code  Gb  XXexit.o [5]
__iar_Dnorm             0x1fff132f   0x42  Code  Gb  xdnorm.o [4]
__iar_Dscale            0x1fff13d1  0x10c  Code  Gb  xdscale.o [4]
__iar_Locale_lconv_init
                        0x1fff1ad1   0x3a  Code  Gb  localeconv.o [3]
__iar_Memchr            0x1fff1171         Code  Gb  memchr.o [5]
__iar_Stdout            0x1fff4ce8   0x40  Data  Gb  xfiles.o [3]
__iar_Strchr            0x1fff1119         Code  Gb  strchr.o [5]
__iar_d2uiz             0x1fff1515         Code  Gb  DblToI32.o [4]
__iar_dadd              0x1fff1b51         Code  Gb  DblAdd.o [4]
__iar_data_init3        0x1fff436d   0x28  Code  Gb  data_init.o [5]
__iar_dlib_perthread_access
                        0x1fff1c25    0x2  Code  Gb  xtls.o [3]
__iar_dsub              0x1fff1579         Code  Gb  DblSub.o [4]
__iar_dsubStart         0x1fff158b         Code  Gb  DblSub.o [4]
__iar_program_start     0x1fff447d         Code  Gb  cstartup_M.o [5]
__iar_ui2d              0x1fff154d         Code  Gb  I32ToDbl.o [4]
__iar_zero_init3        0x1fff10f7   0x22  Code  Gb  zero_init3.o [5]
__low_level_init        0x1fff4423    0x4  Code  Gb  low_level_init.o [3]
__vector_table          0x1fff0000  0x410  Data  Gb  vectors.o [1]
_call_main              0x1fff4419         Code  Gb  cmain.o [5]
_display                0x1fff41a1   0xc0  Code  Gb  display.o [1]
_display_init           0x1fff416d    0x8  Code  Gb  init.o [1]
_exit                   0x1fff442d         Code  Gb  cexit.o [5]
_gpio_init              0x1fff4141   0x2c  Code  Gb  init.o [1]
_init                   0x1fff4175   0x2a  Code  Gb  init.o [1]
_main                   0x1fff441f         Code  Gb  cmain.o [5]
adc_init                0x1fff325d  0x20e  Code  Gb  MK60_adc.o [1]
adc_once                0x1fff346b   0x50  Code  Gb  MK60_adc.o [1]
adc_start               0x1fff34bb   0x44  Code  Lc  MK60_adc.o [1]
assert_failed           0x1fff352f   0x12  Code  Gb  FIRE_MK60_conf.o [1]
bus_clk_khz             0x1fff4f08    0x4  Data  Gb  system_MK60DZ10.o [1]
common_startup          0x1fff3ff9   0x98  Code  Gb  system_MK60DZ10.o [1]
core_clk_khz            0x1fff4f00    0x4  Data  Gb  system_MK60DZ10.o [1]
core_clk_mhz            0x1fff4f04    0x4  Data  Gb  system_MK60DZ10.o [1]
default_isr             0x1fff35ef   0x1c  Code  Gb  FIRE_MK60_conf.o [1]
delay                   0x1fff4261    0xc  Code  Gb  delay.o [1]
delayms                 0x1fff426d   0x1e  Code  Gb  delay.o [1]
div                     0x1fff1b3d    0xe  Code  Gb  div.o [3]
dwt_delay_ms            0x1fff3a65   0x18  Code  Gb  MK60_DWT.o [1]
dwt_delay_us            0x1fff3a05   0x4e  Code  Gb  MK60_DWT.o [1]
exit                    0x1fff4427    0x4  Code  Gb  exit.o [3]
flash_cmd               0x1fff4d29   0x20  Code  Gb  MK60_flash.o [1]
flash_erase_sector      0x1fff4d65   0x5c  Code  Gb  MK60_flash.o [1]
flash_init              0x1fff4d49   0x1c  Code  Gb  MK60_flash.o [1]
flash_write             0x1fff4dc1   0xb4  Code  Gb  MK60_flash.o [1]
fputc                   0x1fff3541   0x14  Code  Gb  FIRE_MK60_conf.o [1]
gpio_get                0x1fff3b63   0x3a  Code  Gb  MK60_gpio.o [1]
gpio_init               0x1fff3a7d   0xae  Code  Gb  MK60_gpio.o [1]
gpio_turn               0x1fff3b2b   0x38  Code  Gb  MK60_gpio.o [1]
key_check               0x1fff3985   0x2a  Code  Gb  FIRE_key.o [1]
key_get                 0x1fff396b   0x1a  Code  Gb  FIRE_key.o [1]
key_init                0x1fff3919   0x52  Code  Gb  FIRE_key.o [1]
led_init                0x1fff39b5   0x3a  Code  Gb  FIRE_LED.o [1]
led_turn                0x1fff39ef   0x10  Code  Gb  FIRE_LED.o [1]
localeconv              0x1fff1b0b   0x16  Code  Gb  localeconv.o [3]
main                    0x1fff4109    0xc  Code  Gb  main.o [1]
mcg_cfg                 0x1fff4c60   0x58  Data  Gb  MK60_mcg.o [1]
mcg_div                 0x1fff4cb8    0x4  Data  Gb  MK60_mcg.o [1]
mcg_div_count           0x1fff2ea5  0x2ea  Code  Gb  MK60_mcg.o [1]
memchr                  0x1fff1171         Code  Gb  memchr.o [5]
obuf                    0x1fff4f0c   0x50  Data  Lc  xfiles.o [3]
pll_init                0x1fff318f   0xb2  Code  Gb  MK60_mcg.o [1]
port_init               0x1fff362d   0x2e  Code  Gb  MK60_port.o [1]
port_init_NoALT         0x1fff365b   0x4c  Code  Gb  MK60_port.o [1]
printf                  0x1fff36b1   0x24  Code  Gb  printf.o [3]
putchar                 0x1fff445d    0xc  Code  Gb  putchar.o [3]
set_sys_dividers        0x1fff4eb1   0x50  Code  Gb  MK60_mcg.o [1]
sprintf                 0x1fff2e71   0x34  Code  Gb  sprintf.o [3]
start                   0x1fff3fa5   0x18  Code  Gb  system_MK60DZ10.o [1]
start_check             0x1fff3555   0x9a  Code  Gb  FIRE_MK60_conf.o [1]
strchr                  0x1fff1119         Code  Gb  strchr.o [5]
strlen                  0x1fff1139         Code  Gb  strlen.o [5]
sysinit                 0x1fff3fbd   0x3c  Code  Gb  system_MK60DZ10.o [1]
uart_init               0x1fff36d5  0x212  Code  Gb  MK60_uart.o [1]
uart_putchar            0x1fff38e7   0x1a  Code  Gb  MK60_uart.o [1]
vector_str              0x1fff4534  0x708  Data  Gb  FIRE_MK60_conf.o [1]
wdog_disable            0x1fff40c9   0x16  Code  Gb  MK60_wdog.o [1]
wdog_unlock             0x1fff40e1   0x20  Code  Lc  MK60_wdog.o [1]
write_vtor              0x1fff4115   0x22  Code  Gb  misc.o [1]


[1] = F:\code\smartcar\Prj\IAR\FX15_Debug\Obj
[2] = command line
[3] = dl7M_tlf.a
[4] = m7M_tl.a
[5] = rt7M_tl.a

  11 558 bytes of readonly  code memory
     472 bytes of readwrite code memory
   6 152 bytes of readonly  data memory
   2 268 bytes of readwrite data memory

Errors: none
Warnings: none
