###############################################################################
#                                                                             #
# IAR ELF Linker V6.50.5.4819/W32 for ARM               14/May/2014  21:23:16 #
# Copyright 2007-2013 IAR Systems AB.                                         #
#                                                                             #
#    Output file  =  F:\code\smartcar\Prj\IAR\DZ10_Debug\Exe\fire_Kinetis.out #
#    Map file     =  F:\code\smartcar\Prj\IAR\DZ10_Debug\List\fire_Kinetis.ma #
#                    p                                                        #
#    Command line =  F:\code\smartcar\Prj\IAR\DZ10_Debug\Obj\FIRE_LED.o       #
#                    F:\code\smartcar\Prj\IAR\DZ10_Debug\Obj\FIRE_MK60_conf.o #
#                     F:\code\smartcar\Prj\IAR\DZ10_Debug\Obj\FIRE_MMA7455.o  #
#                    F:\code\smartcar\Prj\IAR\DZ10_Debug\Obj\FIRE_NRF24L0.o   #
#                    F:\code\smartcar\Prj\IAR\DZ10_Debug\Obj\FIRE_RTC_count.o #
#                     F:\code\smartcar\Prj\IAR\DZ10_Debug\Obj\FIRE_key.o      #
#                    F:\code\smartcar\Prj\IAR\DZ10_Debug\Obj\MK60_DWT.o       #
#                    F:\code\smartcar\Prj\IAR\DZ10_Debug\Obj\MK60_PIT.o       #
#                    F:\code\smartcar\Prj\IAR\DZ10_Debug\Obj\MK60_SysTick.o   #
#                    F:\code\smartcar\Prj\IAR\DZ10_Debug\Obj\MK60_adc.o       #
#                    F:\code\smartcar\Prj\IAR\DZ10_Debug\Obj\MK60_flash.o     #
#                    F:\code\smartcar\Prj\IAR\DZ10_Debug\Obj\MK60_ftm.o       #
#                    F:\code\smartcar\Prj\IAR\DZ10_Debug\Obj\MK60_gpio.o      #
#                    F:\code\smartcar\Prj\IAR\DZ10_Debug\Obj\MK60_i2c.o       #
#                    F:\code\smartcar\Prj\IAR\DZ10_Debug\Obj\MK60_it.o        #
#                    F:\code\smartcar\Prj\IAR\DZ10_Debug\Obj\MK60_lptmr.o     #
#                    F:\code\smartcar\Prj\IAR\DZ10_Debug\Obj\MK60_mcg.o       #
#                    F:\code\smartcar\Prj\IAR\DZ10_Debug\Obj\MK60_port.o      #
#                    F:\code\smartcar\Prj\IAR\DZ10_Debug\Obj\MK60_rtc.o       #
#                    F:\code\smartcar\Prj\IAR\DZ10_Debug\Obj\MK60_spi.o       #
#                    F:\code\smartcar\Prj\IAR\DZ10_Debug\Obj\MK60_uart.o      #
#                    F:\code\smartcar\Prj\IAR\DZ10_Debug\Obj\MK60_wdog.o      #
#                    F:\code\smartcar\Prj\IAR\DZ10_Debug\Obj\OLED12864.o      #
#                    F:\code\smartcar\Prj\IAR\DZ10_Debug\Obj\angle.o          #
#                    F:\code\smartcar\Prj\IAR\DZ10_Debug\Obj\delay.o          #
#                    F:\code\smartcar\Prj\IAR\DZ10_Debug\Obj\display.o        #
#                    F:\code\smartcar\Lib\CMSIS\iar_cortexM4l_math.a          #
#                    F:\code\smartcar\Prj\IAR\DZ10_Debug\Obj\init.o           #
#                    F:\code\smartcar\Prj\IAR\DZ10_Debug\Obj\main.o           #
#                    F:\code\smartcar\Prj\IAR\DZ10_Debug\Obj\misc.o           #
#                    F:\code\smartcar\Prj\IAR\DZ10_Debug\Obj\startup_MK60DZ10 #
#                    .o F:\code\smartcar\Prj\IAR\DZ10_Debug\Obj\system_MK60DZ #
#                    10.o F:\code\smartcar\Prj\IAR\DZ10_Debug\Obj\variable.o  #
#                    F:\code\smartcar\Prj\IAR\DZ10_Debug\Obj\vectors.o -o     #
#                    F:\code\smartcar\Prj\IAR\DZ10_Debug\Exe\fire_Kinetis.out #
#                     --map F:\code\smartcar\Prj\IAR\DZ10_Debug\List\fire_Kin #
#                    etis.map --config "F:\code\Car\build\config              #
#                    files\fire_ROM_K60N512.icf" --semihosting --entry        #
#                    __iar_program_start --vfe                                #
#                                                                             #
#                                                                             #
###############################################################################

*******************************************************************************
*** RUNTIME MODEL ATTRIBUTES
***

CppFlavor       = *
__SystemLibrary = DLib


*******************************************************************************
*** PLACEMENT SUMMARY
***

"A1":  place at 0x00000000 { ro section .intvec };
"A2":  place at 0x00000410 { ro section .noinit };
"P1":  place in [from 0x00000000 to 0x00040000] { ro, block CodeRelocate };
"P2":  place in [from 0x1fff0410 to 0x20010000] {
          rw, block CodeRelocateRam, block CSTACK, block HEAP };

  Section              Kind        Address    Size  Object
  -------              ----        -------    ----  ------
"A1":                                        0x410
  .intvec              const    0x00000000   0x410  vectors.o [1]
                              - 0x00000410   0x410

"P1", part 1 of 2:                             0x0
  .rodata              const    0x00000410     0x0  zero_init3.o [5]

"A2":                                          0x8
  .noinit              ro code  0x00000410     0x8  startup_MK60DZ10.o [1]
                              - 0x00000418     0x8

"P1", part 2 of 2:                          0x417c
  .text                ro code  0x00000418   0xcde  xprintffull_nomb.o [3]
  .text                ro code  0x000010f6    0x22  zero_init3.o [5]
  .text                ro code  0x00001118    0x16  strchr.o [5]
  .text                ro code  0x0000112e     0xa  xsprout.o [3]
  .text                ro code  0x00001138    0x36  strlen.o [5]
  .text                ro code  0x00001170    0x58  memchr.o [5]
  .text                ro code  0x000011c8    0xee  I64DivMod.o [5]
  .text                ro code  0x000012b8    0x76  ABImemcpy.o [5]
  .text                ro code  0x0000132e    0x42  xdnorm.o [4]
  .text                ro code  0x00001370    0x2e  DblCmpLe.o [4]
  .text                ro code  0x000013a0    0x2e  DblCmpGe.o [4]
  .text                ro code  0x000013d0   0x10c  xdscale.o [4]
  .text                ro code  0x000014dc    0x58  DblToI32.o [4]
  .text                ro code  0x00001534    0x30  I32ToDbl.o [4]
  .text                ro code  0x00001564   0x180  DblSub.o [4]
  .text                ro code  0x000016e4   0x1a2  DblMul.o [4]
  .text                ro code  0x00001888   0x246  DblDiv.o [4]
  .text                ro code  0x00001ad0    0x6c  localeconv.o [3]
  .text                ro code  0x00001b3c     0xe  div.o [3]
  .text                ro code  0x00001b4c     0x2  I64DivZer.o [5]
  .text                ro code  0x00001b50    0xe8  DblAdd.o [4]
  .text                ro code  0x00001c38     0x2  xtls.o [3]
  .data_init                    0x00001c3c   0x7ec  <Block>
    Initializer bytes  ro data  0x00001c3c   0x7ec  <for .data-1>
  .text                ro code  0x00002428   0x3b8  OLED12864.o [1]
  .text                ro code  0x000027e0    0x34  sprintf.o [3]
  Veneer               ro code  0x00002814     0x8  - Linker created -
  .text                ro code  0x0000281c   0x3b4  MK60_mcg.o [1]
  .text                ro code  0x00002bd0   0x31c  MK60_adc.o [1]
  Veneer               ro code  0x00002eec     0x8  - Linker created -
  Veneer               ro code  0x00002ef4     0x8  - Linker created -
  .text                ro code  0x00002efc   0x118  FIRE_MK60_conf.o [1]
  .text                ro code  0x00003014    0x84  MK60_port.o [1]
  .text                ro code  0x00003098    0x24  printf.o [3]
  .text                ro code  0x000030bc   0x244  MK60_uart.o [1]
  .text                ro code  0x00003300    0x9c  FIRE_key.o [1]
  .text                ro code  0x0000339c    0x50  FIRE_LED.o [1]
  .text                ro code  0x000033ec    0x78  MK60_DWT.o [1]
  .text                ro code  0x00003464   0x128  MK60_gpio.o [1]
  .rodata              const    0x0000358c   0x228  OLED12864.o [1]
  .rodata              const    0x000037b4    0x3c  FIRE_MK60_conf.o [1]
  .text                ro code  0x000037f0   0x1e0  xatan.o [4]
  CodeRelocate                  0x000039d0   0x1b8  <Block>
    Initializer bytes  ro data  0x000039d0   0x1b8  <for CodeRelocateRam-1>
  .text                ro code  0x00003b88   0x124  system_MK60DZ10.o [1]
  .text                ro code  0x00003cac    0x40  MK60_wdog.o [1]
  .text                ro code  0x00003cec     0xc  main.o [1]
  .text                ro code  0x00003cf8    0x2c  misc.o [1]
  .text                ro code  0x00003d24    0x5e  init.o [1]
  .text                ro code  0x00003d84    0x90  display.o [1]
  .text                ro code  0x00003e14    0xac  angle.o [1]
  .text                ro code  0x00003ec0    0x44  FltToS32.o [4]
  .text                ro code  0x00003f04    0x24  delay.o [1]
  .text                ro code  0x00003f28    0x2e  I32ToFlt.o [4]
  .text                ro code  0x00003f58    0xfc  FltDiv.o [4]
  .text                ro code  0x00004054    0x4e  FltToDbl.o [4]
  .text                ro code  0x000040a4    0xf6  asin.o [4]
  .text                ro code  0x0000419c    0x90  DblToFlt.o [4]
  .text                ro code  0x0000422c    0xf0  sqrt.o [4]
  .text                ro code  0x0000431c     0xc  errno.o [3]
  .text                ro code  0x00004328     0xc  iarEdom.o [5]
  .rodata              const    0x00004334    0x28  MK60_adc.o [1]
  .rodata              const    0x0000435c    0x28  MK60_flash.o [1]
  .rodata              const    0x00004384    0x28  MK60_gpio.o [1]
  .rodata              const    0x000043ac    0x28  MK60_uart.o [1]
  .text                ro code  0x000043d4    0x28  data_init.o [5]
  .rodata              const    0x000043fc    0x24  FIRE_MK60_conf.o [1]
  .rodata              const    0x00004420    0x24  misc.o [1]
  .iar.init_table      const    0x00004444    0x10  - Linker created -
  .rodata              const    0x00004454    0x20  FIRE_MK60_conf.o [1]
  .text                ro code  0x00004474    0x16  cmain.o [5]
  .text                ro code  0x0000448a     0x4  low_level_init.o [3]
  .text                ro code  0x0000448e     0x4  exit.o [3]
  .text                ro code  0x00004494     0xa  cexit.o [5]
  .text                ro code  0x000044a0    0x14  exit.o [6]
  .text                ro code  0x000044b4    0x16  xprout.o [3]
  .text                ro code  0x000044cc     0xc  putchar.o [3]
  .rodata              const    0x000044d8    0x14  FIRE_MK60_conf.o [1]
  .text                ro code  0x000044ec     0xc  cstartup_M.o [5]
  .rodata              const    0x000044f8     0x8  display.o [1]
  .rodata              const    0x00004500     0x8  display.o [1]
  Initializer bytes    ro data  0x00004508    0x8c  <for P2 s0>
                              - 0x00004594  0x417c

"P2", part 1 of 3:                           0x9a4
  .data                         0x1fff0410   0x7ec  <Block>
    .data-1                     0x1fff0410   0x7ec  <Init block>
      .data            inited   0x1fff0410     0x4  FIRE_LED.o [1]
      .data            inited   0x1fff0414   0x708  FIRE_MK60_conf.o [1]
      .data            inited   0x1fff0b1c     0x8  FIRE_key.o [1]
      .data            inited   0x1fff0b24     0x8  MK60_adc.o [1]
      .data            inited   0x1fff0b2c    0x14  MK60_gpio.o [1]
      .data            inited   0x1fff0b40    0x44  MK60_mcg.o [1]
      .data            inited   0x1fff0b84     0x4  MK60_mcg.o [1]
      .data            inited   0x1fff0b88    0x14  MK60_port.o [1]
      .data            inited   0x1fff0b9c    0x18  MK60_uart.o [1]
      .data            inited   0x1fff0bb4     0x4  variable.o [1]
      .data            inited   0x1fff0bb8     0x4  variable.o [1]
      .data            inited   0x1fff0bbc    0x40  xfiles.o [3]
  CodeRelocateRam               0x1fff0bfc   0x1b8  <Block>
    CodeRelocateRam-1           0x1fff0bfc   0x1b8  <Init block>
      Veneer           inited   0x1fff0bfc     0x8  - Linker created -
      .textrw          inited   0x1fff0c04   0x160  MK60_flash.o [1]
      .textrw          inited   0x1fff0d64    0x50  MK60_mcg.o [1]
                              - 0x1fff0db4   0x9a4

"P2", part 2 of 3:                            0x68
  .bss                          0x1fff0db4    0x68  <Block>
    .bss               zero     0x1fff0db4     0x4  system_MK60DZ10.o [1]
    .bss               zero     0x1fff0db8     0x4  system_MK60DZ10.o [1]
    .bss               zero     0x1fff0dbc     0x4  system_MK60DZ10.o [1]
    .bss               zero     0x1fff0dc0     0x4  variable.o [1]
    .bss               zero     0x1fff0dc4     0x4  variable.o [1]
    .bss               zero     0x1fff0dc8     0x4  variable.o [1]
    .bss               zero     0x1fff0dcc    0x50  xfiles.o [3]
                              - 0x1fff0e1c    0x68

"P2", part 3 of 3:                            0x8c
  P2 s0                         0x1fff0e1c    0x8c  <Init block>
    __DLIB_PERTHREAD   inited   0x1fff0e1c    0x88  localeconv.o [3]
    __DLIB_PERTHREAD   inited   0x1fff0ea4     0x4  errno.o [3]
                              - 0x1fff0ea8    0x8c


*******************************************************************************
*** INIT TABLE
***

          Address     Size
          -------     ----
Zero (__iar_zero_init3)
    1 destination range, total size 0x68:
          0x1fff0db4  0x68



*******************************************************************************
*** MODULE SUMMARY
***

    Module              ro code  rw code  ro data  rw data
    ------              -------  -------  -------  -------
F:\code\smartcar\Prj\IAR\DZ10_Debug\Obj: [1]
    FIRE_LED.o               80                 4        4
    FIRE_MK60_conf.o        280             1 948    1 800
    FIRE_key.o              156                 8        8
    MK60_DWT.o              120
    MK60_adc.o              796                48        8
    MK60_flash.o                     352      392
    MK60_gpio.o             296                60       20
    MK60_mcg.o              948       80      152       72
    MK60_port.o             132                20       20
    MK60_uart.o             580                64       24
    MK60_wdog.o              64
    OLED12864.o             952               552
    angle.o                 172
    delay.o                  36
    display.o               144                16
    init.o                   94
    main.o                   12
    misc.o                   44                36
    startup_MK60DZ10.o        8
    system_MK60DZ10.o       292                         12
    variable.o                                  8       20
    vectors.o                               1 040
    ------------------------------------------------------
    Total:                5 206      432    4 348    1 988

command line: [2]
    ------------------------------------------------------
    Total:

dl7M_tlf.a: [3]
    div.o                    14
    errno.o                  12                 4        4
    exit.o                    4
    localeconv.o            108               136      136
    low_level_init.o          4
    printf.o                 36
    putchar.o                12
    sprintf.o                52
    xfiles.o                                   64      144
    xprintffull_nomb.o    3 294
    xprout.o                 22
    xsprout.o                10
    xtls.o                    2
    ------------------------------------------------------
    Total:                3 570               204      284

m7M_tl.a: [4]
    DblAdd.o                232
    DblCmpGe.o               46
    DblCmpLe.o               46
    DblDiv.o                582
    DblMul.o                418
    DblSub.o                384
    DblToFlt.o              144
    DblToI32.o               88
    FltDiv.o                252
    FltToDbl.o               78
    FltToS32.o               68
    I32ToDbl.o               48
    I32ToFlt.o               46
    asin.o                  246
    sqrt.o                  240
    xatan.o                 480
    xdnorm.o                 66
    xdscale.o               268
    ------------------------------------------------------
    Total:                3 732

rt7M_tl.a: [5]
    ABImemcpy.o             118
    I64DivMod.o             238
    I64DivZer.o               2
    cexit.o                  10
    cmain.o                  22
    cstartup_M.o             12
    data_init.o              40
    iarEdom.o                12
    memchr.o                 88
    strchr.o                 22
    strlen.o                 54
    zero_init3.o             34
    ------------------------------------------------------
    Total:                  652

shb_l.a: [6]
    exit.o                   20
    ------------------------------------------------------
    Total:                   20

    Gaps                     30
    Linker created           24        8       24
----------------------------------------------------------
    Grand Total:         13 234      440    4 576    2 272


*******************************************************************************
*** ENTRY LIST
***

Entry                      Address   Size  Type      Object
-----                      -------   ----  ----      ------
.bss$$Base              0x1fff0db4          --   Gb  - Linker created -
.bss$$Limit             0x1fff0e1c          --   Gb  - Linker created -
.data$$Base             0x1fff0410          --   Gb  - Linker created -
.data$$Limit            0x1fff0bfc          --   Gb  - Linker created -
.data_init$$Base        0x00001c3c          --   Gb  - Linker created -
.data_init$$Limit       0x00002428          --   Gb  - Linker created -
?main                   0x00004475         Code  Gb  cmain.o [5]
ADCN                    0x1fff0b24    0x8  Data  Gb  MK60_adc.o [1]
ASSERT_FAILED_STR       0x000043fc   0x24  Data  Gb  FIRE_MK60_conf.o [1]
CodeRelocate$$Base      0x000039d0          --   Gb  - Linker created -
CodeRelocate$$Limit     0x00003b88          --   Gb  - Linker created -
CodeRelocateRam$$Base   0x1fff0bfc          --   Gb  - Linker created -
CodeRelocateRam$$Limit  0x1fff0db4          --   Gb  - Linker created -
F6x8                    0x0000358c  0x228  Data  Gb  OLED12864.o [1]
GPIOX                   0x1fff0b2c   0x14  Data  Gb  MK60_gpio.o [1]
GravityD                0x1fff0bb4    0x4  Data  Gb  variable.o [1]
KEY_PTxn                0x1fff0b1c    0x8  Data  Gb  FIRE_key.o [1]
LCD_CLS                 0x0000252d   0x3c  Code  Gb  OLED12864.o [1]
LCD_DLY_ms              0x00002569   0x18  Code  Gb  OLED12864.o [1]
LCD_Fill                0x000024ed   0x40  Code  Gb  OLED12864.o [1]
LCD_Init                0x00002699   0x90  Code  Gb  OLED12864.o [1]
LCD_P6x8Str             0x00002729   0x7a  Code  Gb  OLED12864.o [1]
LCD_P6x8int             0x000027a3   0x22  Code  Gb  OLED12864.o [1]
LCD_Set_Pos             0x000024bf   0x2e  Code  Gb  OLED12864.o [1]
LCD_WrCmd               0x00002475   0x4a  Code  Gb  OLED12864.o [1]
LCD_WrDat               0x00002429   0x4a  Code  Gb  OLED12864.o [1]
LED_PTxn                0x1fff0410    0x4  Data  Gb  FIRE_LED.o [1]
NVIC_SystemReset        0x00002efd   0x1a  Code  Lc  FIRE_MK60_conf.o [1]
PORTX                   0x1fff0b88   0x14  Data  Gb  MK60_port.o [1]
Region$$Table$$Base     0x00004444          --   Gb  - Linker created -
Region$$Table$$Limit    0x00004454          --   Gb  - Linker created -
Reset_Handler           0x00000411         Code  Gb  startup_MK60DZ10.o [1]
SetAddressingMode       0x00002581   0x14  Code  Gb  OLED12864.o [1]
SetContrastControl      0x000025a5   0x14  Code  Gb  OLED12864.o [1]
SetStartLine            0x00002595   0x10  Code  Gb  OLED12864.o [1]
Set_Charge_Pump         0x000025b9   0x16  Code  Gb  OLED12864.o [1]
Set_Common_Config       0x0000266f   0x16  Code  Gb  OLED12864.o [1]
Set_Common_Remap        0x00002623   0x10  Code  Gb  OLED12864.o [1]
Set_Display_Clock       0x00002647   0x14  Code  Gb  OLED12864.o [1]
Set_Display_Offset      0x00002633   0x14  Code  Gb  OLED12864.o [1]
Set_Display_On_Off      0x00002613   0x10  Code  Gb  OLED12864.o [1]
Set_Entire_Display      0x000025df   0x10  Code  Gb  OLED12864.o [1]
Set_Inverse_Display     0x000025ef   0x10  Code  Gb  OLED12864.o [1]
Set_Multiplex_Ratio     0x000025ff   0x14  Code  Gb  OLED12864.o [1]
Set_Precharge_Period    0x0000265b   0x14  Code  Gb  OLED12864.o [1]
Set_Segment_Remap       0x000025cf   0x10  Code  Gb  OLED12864.o [1]
Set_VCOMH               0x00002685   0x14  Code  Gb  OLED12864.o [1]
UARTN                   0x1fff0b9c   0x18  Data  Gb  MK60_uart.o [1]
_GenldFullNoMb          0x00000e65  0x248  Code  Lc  xprintffull_nomb.o [3]
_LdtobFullNoMb          0x00000a75  0x3ea  Code  Lc  xprintffull_nomb.o [3]
_LitobFullNoMb          0x00000963  0x10c  Code  Lc  xprintffull_nomb.o [3]
_Locale_aeabi_lconv     0x1fff0e6c   0x38  Data  Gb  localeconv.o [3]
_Locale_lconv           0x1fff0e1c   0x50  Data  Gb  localeconv.o [3]
_PrintfFullNoMb         0x00000419  0x544  Code  Gb  xprintffull_nomb.o [3]
_Prout                  0x000044b5   0x16  Code  Gb  xprout.o [3]
_PutcharsFullNoMb       0x000010ad   0x2e  Code  Lc  xprintffull_nomb.o [3]
_SProut                 0x0000112f    0xa  Code  Gb  xsprout.o [3]
__BOOT_STACK_ADDRESS {Abs}
                        0x2000fff8          --   Gb  command line/config [2]
__VECTOR_RAM {Abs}      0x1fff0000          --   Gb  command line/config [2]
__VECTOR_TABLE {Abs}    0x00000000          --   Gb  command line/config [2]
__aeabi_cdcmple         0x00001371         Code  Gb  DblCmpLe.o [4]
__aeabi_cdrcmple        0x000013a1         Code  Gb  DblCmpGe.o [4]
__aeabi_d2f             0x0000419d         Code  Gb  DblToFlt.o [4]
__aeabi_d2iz            0x000014dd         Code  Gb  DblToI32.o [4]
__aeabi_d2uiz           0x00001509         Code  Gb  DblToI32.o [4]
__aeabi_dadd            0x00001b51         Code  Gb  DblAdd.o [4]
__aeabi_ddiv            0x00001889         Code  Gb  DblDiv.o [4]
__aeabi_dmul            0x000016e5         Code  Gb  DblMul.o [4]
__aeabi_dsub            0x00001565         Code  Gb  DblSub.o [4]
__aeabi_errno_addr      0x0000431d    0x6  Code  Gb  errno.o [3]
__aeabi_f2d             0x00004055         Code  Gb  FltToDbl.o [4]
__aeabi_f2iz            0x00003ec1         Code  Gb  FltToS32.o [4]
__aeabi_fdiv            0x00003f59         Code  Gb  FltDiv.o [4]
__aeabi_i2d             0x00001535         Code  Gb  I32ToDbl.o [4]
__aeabi_i2f             0x00003f29         Code  Gb  I32ToFlt.o [4]
__aeabi_ldiv0           0x00001b4d         Code  Gb  I64DivZer.o [5]
__aeabi_memcpy          0x000012b9         Code  Gb  ABImemcpy.o [5]
__aeabi_memcpy4         0x000012d9         Code  Gb  ABImemcpy.o [5]
__aeabi_memcpy8         0x000012d9         Code  Gb  ABImemcpy.o [5]
__aeabi_ui2d            0x00001549         Code  Gb  I32ToDbl.o [4]
__aeabi_uldivmod        0x000011c9         Code  Gb  I64DivMod.o [5]
__cmain                 0x00004475         Code  Gb  cmain.o [5]
__code_start__ {Abs}    0x00000410          --   Gb  command line/config [2]
__exit                  0x000044a1   0x14  Code  Gb  exit.o [6]
__iar_Atan              0x000037f1  0x148  Code  Gb  xatan.o [4]
__iar_Dnorm             0x0000132f   0x42  Code  Gb  xdnorm.o [4]
__iar_Dscale            0x000013d1  0x10c  Code  Gb  xdscale.o [4]
__iar_Errno             0x1fff0ea4    0x4  Data  Gb  errno.o [3]
__iar_Locale_lconv_init
                        0x00001ad1   0x3a  Code  Gb  localeconv.o [3]
__iar_Memchr            0x00001171         Code  Gb  memchr.o [5]
__iar_Stdout            0x1fff0bbc   0x40  Data  Gb  xfiles.o [3]
__iar_Strchr            0x00001119         Code  Gb  strchr.o [5]
__iar_d2uiz             0x00001515         Code  Gb  DblToI32.o [4]
__iar_dadd              0x00001b65         Code  Gb  DblAdd.o [4]
__iar_data_init3        0x000043d5   0x28  Code  Gb  data_init.o [5]
__iar_dlib_perthread_access
                        0x00001c39    0x2  Code  Gb  xtls.o [3]
__iar_dsub              0x00001579         Code  Gb  DblSub.o [4]
__iar_dsubStart         0x0000158b         Code  Gb  DblSub.o [4]
__iar_edom              0x00004329         Code  Gb  iarEdom.o [5]
__iar_program_start     0x000044ed         Code  Gb  cstartup_M.o [5]
__iar_sqrt              0x0000422d         Code  Gb  sqrt.o [4]
__iar_ui2d              0x0000154d         Code  Gb  I32ToDbl.o [4]
__iar_ui2f              0x00003f3d         Code  Gb  I32ToFlt.o [4]
__iar_zero_init3        0x000010f7   0x22  Code  Gb  zero_init3.o [5]
__low_level_init        0x0000448b    0x4  Code  Gb  low_level_init.o [3]
__vector_table          0x00000000  0x410  Data  Gb  vectors.o [1]
_call_main              0x00004481         Code  Gb  cmain.o [5]
_display                0x00003d85   0x90  Code  Gb  display.o [1]
_display_init           0x00003d51    0x8  Code  Gb  init.o [1]
_exit                   0x00004495         Code  Gb  cexit.o [5]
_gpio_init              0x00003d25   0x2c  Code  Gb  init.o [1]
_init                   0x00003d59   0x2a  Code  Gb  init.o [1]
_main                   0x00004487         Code  Gb  cmain.o [5]
a                       0x00003990   0x40  Data  Lc  xatan.o [4]
adc_init                0x00002bd1  0x20e  Code  Gb  MK60_adc.o [1]
adc_mid                 0x00002e2f   0x64  Code  Gb  MK60_adc.o [1]
adc_once                0x00002ddf   0x50  Code  Gb  MK60_adc.o [1]
adc_start               0x00002e93   0x44  Code  Lc  MK60_adc.o [1]
asin                    0x000040a5   0xf0  Code  Gb  asin.o [4]
assert_failed           0x00002f17   0x12  Code  Gb  FIRE_MK60_conf.o [1]
bus_clk_khz             0x1fff0dbc    0x4  Data  Gb  system_MK60DZ10.o [1]
calcAngle               0x00003e15   0xac  Code  Gb  angle.o [1]
common_startup          0x00003bdd   0x98  Code  Gb  system_MK60DZ10.o [1]
core_clk_khz            0x1fff0db4    0x4  Data  Gb  system_MK60DZ10.o [1]
core_clk_mhz            0x1fff0db8    0x4  Data  Gb  system_MK60DZ10.o [1]
default_isr             0x00002fd7   0x1c  Code  Gb  FIRE_MK60_conf.o [1]
delayms                 0x00003f05   0x1e  Code  Gb  delay.o [1]
div                     0x00001b3d    0xe  Code  Gb  div.o [3]
dwt_delay_ms            0x0000344d   0x18  Code  Gb  MK60_DWT.o [1]
dwt_delay_us            0x000033ed   0x4e  Code  Gb  MK60_DWT.o [1]
exit                    0x0000448f    0x4  Code  Gb  exit.o [3]
flash_cmd               0x1fff0c05   0x20  Code  Gb  MK60_flash.o [1]
flash_erase_sector      0x1fff0c4d   0x58  Code  Gb  MK60_flash.o [1]
flash_init              0x1fff0c25   0x28  Code  Gb  MK60_flash.o [1]
flash_write             0x1fff0ca5   0x8e  Code  Gb  MK60_flash.o [1]
fputc                   0x00002f29   0x14  Code  Gb  FIRE_MK60_conf.o [1]
gpio_get                0x0000354b   0x3a  Code  Gb  MK60_gpio.o [1]
gpio_init               0x00003465   0xae  Code  Gb  MK60_gpio.o [1]
gpio_turn               0x00003513   0x38  Code  Gb  MK60_gpio.o [1]
key_check               0x0000336d   0x2a  Code  Gb  FIRE_key.o [1]
key_get                 0x00003353   0x1a  Code  Gb  FIRE_key.o [1]
key_init                0x00003301   0x52  Code  Gb  FIRE_key.o [1]
led_init                0x0000339d   0x3a  Code  Gb  FIRE_LED.o [1]
led_turn                0x000033d7   0x10  Code  Gb  FIRE_LED.o [1]
localeconv              0x00001b0b   0x16  Code  Gb  localeconv.o [3]
main                    0x00003ced    0xc  Code  Gb  main.o [1]
mcg_cfg                 0x1fff0b40   0x44  Data  Gb  MK60_mcg.o [1]
mcg_div                 0x1fff0b84    0x4  Data  Gb  MK60_mcg.o [1]
mcg_div_count           0x0000281d  0x2e6  Code  Gb  MK60_mcg.o [1]
memchr                  0x00001171         Code  Gb  memchr.o [5]
obuf                    0x1fff0dcc   0x50  Data  Lc  xfiles.o [3]
pll_init                0x00002b03   0xb2  Code  Gb  MK60_mcg.o [1]
port_init               0x00003015   0x2e  Code  Gb  MK60_port.o [1]
port_init_NoALT         0x00003043   0x4c  Code  Gb  MK60_port.o [1]
printf                  0x00003099   0x24  Code  Gb  printf.o [3]
putchar                 0x000044cd    0xc  Code  Gb  putchar.o [3]
set_sys_dividers        0x1fff0d65   0x50  Code  Gb  MK60_mcg.o [1]
sprintf                 0x000027e1   0x34  Code  Gb  sprintf.o [3]
sqrt                    0x0000422d         Code  Gb  sqrt.o [4]
sqrtl                   0x0000422d         Code  Gb  sqrt.o [4]
start                   0x00003b89   0x18  Code  Gb  system_MK60DZ10.o [1]
start_check             0x00002f3d   0x9a  Code  Gb  FIRE_MK60_conf.o [1]
strchr                  0x00001119         Code  Gb  strchr.o [5]
strlen                  0x00001139         Code  Gb  strlen.o [5]
sysinit                 0x00003ba1   0x3c  Code  Gb  system_MK60DZ10.o [1]
theta1                  0x1fff0dc8    0x4  Data  Gb  variable.o [1]
uart_init               0x000030bd  0x210  Code  Gb  MK60_uart.o [1]
uart_putchar            0x000032cd   0x1a  Code  Gb  MK60_uart.o [1]
vector_str              0x1fff0414  0x708  Data  Gb  FIRE_MK60_conf.o [1]
wdog_disable            0x00003cad   0x16  Code  Gb  MK60_wdog.o [1]
wdog_unlock             0x00003cc5   0x20  Code  Lc  MK60_wdog.o [1]
wout                    0x1fff0dc4    0x4  Data  Gb  variable.o [1]
write_vtor              0x00003cf9   0x22  Code  Gb  misc.o [1]
zbase                   0x1fff0bb8    0x4  Data  Gb  variable.o [1]
zout                    0x1fff0dc0    0x4  Data  Gb  variable.o [1]


[1] = F:\code\smartcar\Prj\IAR\DZ10_Debug\Obj
[2] = command line
[3] = dl7M_tlf.a
[4] = m7M_tl.a
[5] = rt7M_tl.a
[6] = shb_l.a

  13 234 bytes of readonly  code memory
     440 bytes of readwrite code memory
   4 576 bytes of readonly  data memory
   2 272 bytes of readwrite data memory

Errors: none
Warnings: none
